[2026-10-06 22:08:11.232] [info]
====vsag start init====
running on AMD EPYC 9K65 192-Core
instance spec: 4C15G
cpu sse >> dist_support:Y + platform:Y = using:Y
cpu avx >> dist_support:Y + platform:Y = using:Y
cpu avx2 >> dist_support:Y + platform:Y = using:Y
cpu avx512f >> dist_support:Y + platform:Y = using:Y
cpu avx512dq >> dist_support:Y + platform:Y = using:Y
cpu avx512bw >> dist_support:Y + platform:Y = using:Y
cpu avx512vl >> dist_support:Y + platform:Y = using:Y
cpu avx512vpopcntdq >> dist_support:Y + platform:Y = using:Y
cpu neon >> dist_support:N + platform:N = using:N
cpu sve >> dist_support:N + platform:N = using:N
====vsag init done====
[2026-10-06 22:08:11.272] [info] hgraph Serialize cost 0.231ms
[2026-10-06 22:08:11.316] [info] IOStreamReader io count (6) in deserialize process
[2026-10-06 22:08:11.316] [info] hgraph Deserialize cost 34.848ms
mode,base_count,query_count,dim,k,recall_at_k,build_ms,search_p50_us,search_p99_us,save_ms,load_ms,snapshot_bytes,build_steady_rss_kib,final_steady_rss_kib,process_peak_rss_kib,query_ef_search,warmup_rounds,query_loop_cpu_ms
fp32,8,8,16,1,1.000000,35.859053,22.219000,38.450000,0.292663,34.864680,77014,163688,165304,165388,128,1,1.615000
