full 0 183.694488 444976 575932
full_reverse 0 148.009809 568280 699264
default 0 139.683547 341060 341712
diverse 0 129.979226 331844 332576
full_reverse 1 144.426523 568372 699360
default 1 136.900970 341196 341844
diverse 1 128.039356 331892 332624
full 1 182.341139 444984 575940
default 2 137.531592 341196 341844
diverse 2 128.712466 331876 332600
full 2 181.243436 445132 576092
full_reverse 2 145.930620 568368 699296
diverse 3 129.243429 331944 332676
full 3 183.353374 445068 576020
full_reverse 3 147.399657 568320 699308
default 3 137.407182 341240 341896
full 4 181.729679 445008 575968
full_reverse 4 143.819783 568328 699308
default 4 136.761092 341324 341976
diverse 4 128.349382 331972 332696
full_reverse 5 146.179996 568316 699304
default 5 137.819616 341196 341844
diverse 5 128.412091 331932 332664
full 5 182.189761 445004 575964
default 6 136.434668 341212 341868
diverse 6 129.050631 331720 332452
full 6 182.055945 445096 576052
full_reverse 6 145.812332 568156 699148
Completed 28 fresh-process load-only measurements
