[2026-10-06 21:57:49.174] [info] 
====vsag start init====
running on AMD EPYC 9K65 192-Core
instance spec: 4C15G
cpu sse >> dist_support:Y + platform:Y = using:Y
cpu avx >> dist_support:Y + platform:Y = using:Y
cpu avx2 >> dist_support:Y + platform:Y = using:Y
cpu avx512f >> dist_support:Y + platform:Y = using:Y
cpu avx512dq >> dist_support:Y + platform:Y = using:Y
cpu avx512bw >> dist_support:Y + platform:Y = using:Y
cpu avx512vl >> dist_support:Y + platform:Y = using:Y
cpu avx512vpopcntdq >> dist_support:Y + platform:Y = using:Y
cpu neon >> dist_support:N + platform:N = using:N
cpu sve >> dist_support:N + platform:N = using:N
====vsag init done====
[2026-10-06 21:58:23.851] [info] hgraph Serialize cost 172.896ms
[2026-10-06 21:58:24.075] [info] IOStreamReader io count (8) in deserialize process
[2026-10-06 21:58:24.075] [info] hgraph Deserialize cost 191.834ms
mode,base_count,query_count,dim,k,recall_at_k,build_ms,search_p50_us,search_p99_us,save_ms,load_ms,snapshot_bytes,build_steady_rss_kib,final_steady_rss_kib,process_peak_rss_kib,query_ef_search,warmup_rounds,query_loop_cpu_ms
fp32,100000,600,768,10,0.952000,33899.969492,318.513000,369.242000,172.968490,191.866919,313616358,457800,455940,958772,128,1,191.298000
