-- Install configuration: "Release"
-- Installing: /home/ubuntu/project/vsag-full-known-install-20261006/lib/libcpuinfo.a
-- Installing: /home/ubuntu/project/vsag-full-known-install-20261006/lib/libsimd.a
-- Installing: /home/ubuntu/project/vsag-full-known-install-20261006/include
-- Installing: /home/ubuntu/project/vsag-full-known-install-20261006/include/vsag
-- Installing: /home/ubuntu/project/vsag-full-known-install-20261006/include/vsag/factory.h
-- Installing: /home/ubuntu/project/vsag-full-known-install-20261006/include/vsag/bitset.h
-- Installing: /home/ubuntu/project/vsag-full-known-install-20261006/include/vsag/load_parameters.h
-- Installing: /home/ubuntu/project/vsag-full-known-install-20261006/include/vsag/utils.h
-- Installing: /home/ubuntu/project/vsag-full-known-install-20261006/include/vsag/attribute.h
-- Installing: /home/ubuntu/project/vsag-full-known-install-20261006/include/vsag/expected.hpp
-- Installing: /home/ubuntu/project/vsag-full-known-install-20261006/include/vsag/index_features.h
-- Installing: /home/ubuntu/project/vsag-full-known-install-20261006/include/vsag/resource.h
-- Installing: /home/ubuntu/project/vsag-full-known-install-20261006/include/vsag/readerset.h
-- Installing: /home/ubuntu/project/vsag-full-known-install-20261006/include/vsag/filter.h
-- Installing: /home/ubuntu/project/vsag-full-known-install-20261006/include/vsag/search_param.h
-- Installing: /home/ubuntu/project/vsag-full-known-install-20261006/include/vsag/constants.h
-- Installing: /home/ubuntu/project/vsag-full-known-install-20261006/include/vsag/index.h
-- Installing: /home/ubuntu/project/vsag-full-known-install-20261006/include/vsag/logger.h
-- Installing: /home/ubuntu/project/vsag-full-known-install-20261006/include/vsag/allocator.h
-- Installing: /home/ubuntu/project/vsag-full-known-install-20261006/include/vsag/vsag.h
-- Installing: /home/ubuntu/project/vsag-full-known-install-20261006/include/vsag/engine.h
-- Installing: /home/ubuntu/project/vsag-full-known-install-20261006/include/vsag/thread_pool.h
-- Installing: /home/ubuntu/project/vsag-full-known-install-20261006/include/vsag/lite
-- Installing: /home/ubuntu/project/vsag-full-known-install-20261006/include/vsag/lite/index.h
-- Installing: /home/ubuntu/project/vsag-full-known-install-20261006/include/vsag/vsag_c_api.h
-- Installing: /home/ubuntu/project/vsag-full-known-install-20261006/include/vsag/vsag_ext.h
-- Installing: /home/ubuntu/project/vsag-full-known-install-20261006/include/vsag/binaryset.h
-- Installing: /home/ubuntu/project/vsag-full-known-install-20261006/include/vsag/iterator_context.h
-- Installing: /home/ubuntu/project/vsag-full-known-install-20261006/include/vsag/errors.h
-- Installing: /home/ubuntu/project/vsag-full-known-install-20261006/include/vsag/options.h
-- Installing: /home/ubuntu/project/vsag-full-known-install-20261006/include/vsag/dataset.h
-- Installing: /home/ubuntu/project/vsag-full-known-install-20261006/include/vsag/index_detail_info.h
-- Installing: /home/ubuntu/project/vsag-full-known-install-20261006/include/vsag/search_request.h
-- Installing: /home/ubuntu/project/vsag-full-known-install-20261006/lib/libvsag.so.0.0.0
-- Installing: /home/ubuntu/project/vsag-full-known-install-20261006/lib/libvsag.so.0.0
-- Installing: /home/ubuntu/project/vsag-full-known-install-20261006/lib/libvsag.so
-- Installing: /home/ubuntu/project/vsag-full-known-install-20261006/lib/libvsag_static.a
-- Installing: /home/ubuntu/project/vsag-full-known-install-20261006/lib/cmake/vsag/vsagTargets.cmake
-- Installing: /home/ubuntu/project/vsag-full-known-install-20261006/lib/cmake/vsag/vsagTargets-release.cmake
-- Installing: /home/ubuntu/project/vsag-full-known-install-20261006/lib/cmake/vsag/vsagConfig.cmake
-- Installing: /home/ubuntu/project/vsag-full-known-install-20261006/lib/cmake/vsag/vsagConfigVersion.cmake
