[2026-10-06 22:29:44.743] [info]
====vsag start init====
running on AMD EPYC 9K65 192-Core
instance spec: 4C15G
cpu sse >> dist_support:Y + platform:Y = using:Y
cpu avx >> dist_support:Y + platform:Y = using:Y
cpu avx2 >> dist_support:Y + platform:Y = using:Y
cpu avx512f >> dist_support:Y + platform:Y = using:Y
cpu avx512dq >> dist_support:Y + platform:Y = using:Y
cpu avx512bw >> dist_support:Y + platform:Y = using:Y
cpu avx512vl >> dist_support:Y + platform:Y = using:Y
cpu avx512vpopcntdq >> dist_support:Y + platform:Y = using:Y
cpu neon >> dist_support:N + platform:N = using:N
cpu sve >> dist_support:N + platform:N = using:N
====vsag init done====
[2026-10-06 22:30:17.424] [info] hgraph Serialize cost 150.769ms
[2026-10-06 22:30:17.667] [info] IOStreamReader io count (8) in deserialize process
[2026-10-06 22:30:17.667] [info] hgraph Deserialize cost 159.680ms
mode,base_count,query_count,dim,k,recall_at_k,build_ms,search_p50_us,search_p99_us,save_ms,load_ms,snapshot_bytes,build_steady_rss_kib,final_steady_rss_kib,process_peak_rss_kib,query_ef_search,warmup_rounds,query_loop_cpu_ms
fp32,100000,600,768,10,0.952000,30894.735624,290.682000,344.321000,150.902464,159.719807,316238127,584336,576552,1086508,128,1,173.773000
