File '/usr/include/c++/11/bits/stl_algobase.h'
Lines executed:15.79% of 38

File '/usr/include/c++/11/bits/stl_iterator.h'
Lines executed:89.47% of 19

File '/usr/include/c++/11/ext/new_allocator.h'
No executable lines

File '/usr/include/c++/11/bits/stl_pair.h'
Lines executed:100.00% of 2

File '/usr/include/c++/11/bits/ptr_traits.h'
No executable lines

File '/usr/include/c++/11/bits/alloc_traits.h'
Lines executed:0.00% of 2

File '/usr/include/c++/11/bits/move.h'
No executable lines

File '/usr/include/c++/11/bits/unique_ptr.h'
Lines executed:79.17% of 24

File '/usr/include/c++/11/tuple'
Lines executed:81.82% of 22

File '/usr/include/c++/11/bits/hashtable_policy.h'
Lines executed:89.01% of 91

File '/usr/include/c++/11/bits/stl_iterator_base_types.h'
No executable lines

File '/usr/include/c++/11/bits/stl_uninitialized.h'
Lines executed:50.00% of 6

File '/usr/include/c++/11/ext/aligned_buffer.h'
Lines executed:100.00% of 8

File '/usr/include/c++/11/bits/hashtable.h'
Lines executed:96.13% of 155

File '/usr/include/c++/11/bits/stl_construct.h'
No executable lines

File '/usr/include/c++/11/bits/stl_vector.h'
Lines executed:61.11% of 54

File '/usr/include/c++/11/utility'
Lines executed:100.00% of 8

File '/usr/include/c++/11/bits/stl_iterator_base_funcs.h'
Lines executed:100.00% of 7

File '/usr/include/c++/11/ext/type_traits.h'
No executable lines

File '/usr/include/c++/11/bits/predefined_ops.h'
Lines executed:100.00% of 10

File '/usr/include/c++/11/bits/allocator.h'
Lines executed:100.00% of 1

File '/usr/include/c++/11/bits/basic_string.tcc'
No executable lines

File '/usr/include/c++/11/bits/stl_heap.h'
Lines executed:100.00% of 43

File '/usr/include/c++/11/bits/cpp_type_traits.h'
No executable lines

File '/usr/include/c++/11/bits/stl_function.h'
Lines executed:0.00% of 2

File '/usr/include/c++/11/bits/basic_string.h'
Lines executed:0.00% of 11

File '/usr/include/c++/11/bits/vector.tcc'
Lines executed:25.00% of 72

File '/usr/include/c++/11/ext/alloc_traits.h'
Lines executed:0.00% of 2

File '/home/ubuntu/project/vsag-lite-baseline-v01/src/lite/bruteforce_backend.cpp'
Lines executed:89.43% of 123

File '/home/ubuntu/project/vsag-lite-baseline-v01/include/vsag/expected.hpp'
Lines executed:22.73% of 22

File '/usr/include/c++/11/bits/stl_algo.h'
No executable lines

File '/usr/include/c++/11/bits/unordered_map.h'
Lines executed:100.00% of 13

File '/usr/include/c++/11/bits/stl_queue.h'
Lines executed:100.00% of 14

File '/usr/include/c++/11/bits/std_function.h'
Lines executed:42.86% of 7

File '/home/ubuntu/project/vsag-lite-baseline-v01/include/vsag/errors.h'
Lines executed:0.00% of 2

File '/usr/include/c++/11/bits/char_traits.h'
Lines executed:0.00% of 16

File '/home/ubuntu/project/vsag-lite-baseline-v01/src/lite/backend.h'
Lines executed:9.09% of 22

File '/home/ubuntu/project/vsag-lite-baseline-v01/src/lite/backend_utils.h'
Lines executed:81.82% of 11

File '/usr/include/c++/11/cmath'
Lines executed:0.00% of 2

File '/usr/include/c++/11/bits/functional_hash.h'
Lines executed:0.00% of 1

File '/usr/include/c++/11/new'
Lines executed:0.00% of 2

Creating 'bruteforce_backend.cpp.gcov.json.gz'
File '/home/ubuntu/project/vsag-lite-baseline-v01/src/simd/kernels/half_compute.h'
Lines executed:94.12% of 17

File '/usr/lib/gcc/x86_64-linux-gnu/11/include/avxintrin.h'
Lines executed:100.00% of 4

File '/home/ubuntu/project/vsag-lite-baseline-v01/src/simd/traits/simd_traits_avx.h'
Lines executed:100.00% of 3

File '/usr/lib/gcc/x86_64-linux-gnu/11/include/emmintrin.h'
Lines executed:100.00% of 1

File '/home/ubuntu/project/vsag-lite-baseline-v01/src/simd/traits/simd_traits_avx2.h'
Lines executed:100.00% of 3

File '/usr/lib/gcc/x86_64-linux-gnu/11/include/f16cintrin.h'
Lines executed:100.00% of 1

File '/usr/lib/gcc/x86_64-linux-gnu/11/include/fmaintrin.h'
Lines executed:100.00% of 2

File '/home/ubuntu/project/vsag-lite-baseline-v01/src/lite/fp16_distance_avx2.cpp'
Lines executed:100.00% of 6

Creating 'fp16_distance_avx2.cpp.gcov.json.gz'
File '/home/ubuntu/project/vsag-lite-baseline-v01/src/simd/kernels/half_compute.h'
Lines executed:35.29% of 17

File '/usr/lib/gcc/x86_64-linux-gnu/11/include/avx512fintrin.h'
Lines executed:0.00% of 9

File '/home/ubuntu/project/vsag-lite-baseline-v01/src/simd/traits/simd_traits_avx512.h'
Lines executed:0.00% of 6

File '/usr/lib/gcc/x86_64-linux-gnu/11/include/avxintrin.h'
Lines executed:0.00% of 3

File '/home/ubuntu/project/vsag-lite-baseline-v01/src/lite/fp16_distance_avx512.cpp'
Lines executed:100.00% of 6

Creating 'fp16_distance_avx512.cpp.gcov.json.gz'
File '/home/ubuntu/project/vsag-lite-baseline-v01/src/simd/kernels/half_compute.h'
Lines executed:35.29% of 17

File '/usr/lib/gcc/x86_64-linux-gnu/11/include/avxintrin.h'
Lines executed:0.00% of 6

File '/home/ubuntu/project/vsag-lite-baseline-v01/src/simd/traits/simd_traits_avx.h'
Lines executed:0.00% of 6

File '/usr/lib/gcc/x86_64-linux-gnu/11/include/emmintrin.h'
Lines executed:0.00% of 1

File '/usr/lib/gcc/x86_64-linux-gnu/11/include/f16cintrin.h'
Lines executed:0.00% of 1

File '/home/ubuntu/project/vsag-lite-baseline-v01/src/lite/fp16_distance_avx.cpp'
Lines executed:100.00% of 6

Creating 'fp16_distance_avx.cpp.gcov.json.gz'
File '/home/ubuntu/project/vsag-lite-baseline-v01/src/simd/kernels/half_compute.h'
Lines executed:93.33% of 15

File '/home/ubuntu/project/vsag-lite-baseline-v01/src/simd/traits/simd_traits_generic.h'
Lines executed:68.18% of 22

File '/home/ubuntu/project/vsag-lite-baseline-v01/src/lite/fp16_distance.cpp'
Lines executed:100.00% of 28

File '/usr/lib/gcc/x86_64-linux-gnu/11/include/cpuid.h'
Lines executed:83.33% of 12

Creating 'fp16_distance.cpp.gcov.json.gz'
File '/home/ubuntu/project/vsag-lite-baseline-v01/src/simd/kernels/compute_l2.h'
Lines executed:94.74% of 19

File '/usr/lib/gcc/x86_64-linux-gnu/11/include/avxintrin.h'
Lines executed:83.33% of 6

File '/home/ubuntu/project/vsag-lite-baseline-v01/src/simd/traits/simd_traits_avx.h'
Lines executed:80.00% of 5

File '/usr/lib/gcc/x86_64-linux-gnu/11/include/fmaintrin.h'
Lines executed:100.00% of 2

File '/home/ubuntu/project/vsag-lite-baseline-v01/src/simd/traits/simd_traits_avx2.h'
Lines executed:100.00% of 1

File '/home/ubuntu/project/vsag-lite-baseline-v01/src/lite/fp32_distance_avx2.cpp'
Lines executed:100.00% of 3

Creating 'fp32_distance_avx2.cpp.gcov.json.gz'
File '/home/ubuntu/project/vsag-lite-baseline-v01/src/simd/kernels/compute_l2.h'
Lines executed:100.00% of 22

File '/usr/lib/gcc/x86_64-linux-gnu/11/include/avx512fintrin.h'
Lines executed:100.00% of 7

File '/home/ubuntu/project/vsag-lite-baseline-v01/src/simd/traits/simd_traits_avx512.h'
Lines executed:100.00% of 6

File '/usr/lib/gcc/x86_64-linux-gnu/11/include/avxintrin.h'
Lines executed:100.00% of 2

File '/home/ubuntu/project/vsag-lite-baseline-v01/src/lite/fp32_distance_avx512.cpp'
Lines executed:100.00% of 3

Creating 'fp32_distance_avx512.cpp.gcov.json.gz'
File '/home/ubuntu/project/vsag-lite-baseline-v01/src/simd/kernels/compute_l2.h'
Lines executed:93.33% of 15

File '/home/ubuntu/project/vsag-lite-baseline-v01/src/simd/traits/simd_traits_generic.h'
Lines executed:83.33% of 6

File '/home/ubuntu/project/vsag-lite-baseline-v01/src/lite/fp32_distance.cpp'
Lines executed:68.75% of 16

Creating 'fp32_distance.cpp.gcov.json.gz'
File '/home/ubuntu/project/vsag-lite-baseline-v01/src/simd/kernels/compute_l2.h'
Lines executed:94.74% of 19

File '/usr/lib/gcc/x86_64-linux-gnu/11/include/xmmintrin.h'
Lines executed:100.00% of 7

File '/home/ubuntu/project/vsag-lite-baseline-v01/src/simd/traits/simd_traits_sse.h'
Lines executed:83.33% of 6

File '/home/ubuntu/project/vsag-lite-baseline-v01/src/lite/fp32_distance_sse.cpp'
Lines executed:100.00% of 3

Creating 'fp32_distance_sse.cpp.gcov.json.gz'
File '/usr/include/c++/11/bits/stl_algobase.h'
Lines executed:21.74% of 23

File '/usr/include/c++/11/bits/stl_iterator.h'
Lines executed:100.00% of 9

File '/usr/include/c++/11/bits/predefined_ops.h'
Lines executed:55.00% of 20

File '/usr/include/c++/11/bits/stl_construct.h'
Lines executed:0.00% of 7

File '/usr/include/c++/11/ext/new_allocator.h'
No executable lines

File '/usr/include/c++/11/bits/stl_heap.h'
No executable lines

File '/usr/include/c++/11/bits/move.h'
No executable lines

File '/usr/include/c++/11/bits/stl_uninitialized.h'
Lines executed:58.62% of 29

File '/usr/include/c++/11/bits/stl_pair.h'
Lines executed:0.00% of 2

File '/usr/include/c++/11/bits/ptr_traits.h'
No executable lines

File '/usr/include/c++/11/bits/alloc_traits.h'
Lines executed:0.00% of 2

File '/usr/include/c++/11/tuple'
Lines executed:81.25% of 32

File '/usr/include/c++/11/bits/unique_ptr.h'
Lines executed:80.77% of 26

File '/usr/include/c++/11/bits/stl_iterator_base_types.h'
No executable lines

File '/usr/include/c++/11/bits/hashtable_policy.h'
Lines executed:7.07% of 99

File '/usr/include/c++/11/ext/aligned_buffer.h'
Lines executed:0.00% of 8

File '/usr/include/c++/11/bits/cpp_type_traits.h'
No executable lines

File '/usr/include/c++/11/bits/stl_iterator_base_funcs.h'
No executable lines

File '/usr/include/c++/11/bits/hashtable.h'
Lines executed:0.00% of 155

File '/usr/include/c++/11/utility'
Lines executed:0.00% of 8

File '/usr/include/c++/11/ext/type_traits.h'
No executable lines

File '/usr/include/c++/11/bits/stl_algo.h'
Lines executed:97.44% of 39

File '/usr/include/c++/11/ext/alloc_traits.h'
Lines executed:50.00% of 4

File '/usr/include/c++/11/bits/stl_vector.h'
Lines executed:66.67% of 30

File '/usr/include/c++/11/bits/allocator.h'
Lines executed:0.00% of 3

File '/usr/include/c++/11/bits/basic_string.tcc'
No executable lines

File '/usr/include/c++/11/bits/stl_function.h'
Lines executed:0.00% of 2

File '/usr/include/c++/11/bits/basic_string.h'
Lines executed:0.00% of 11

File '/usr/include/c++/11/array'
Lines executed:100.00% of 10

File '/usr/include/c++/11/bits/vector.tcc'
Lines executed:38.46% of 39

File '/home/ubuntu/project/vsag-lite-baseline-v01/include/vsag/expected.hpp'
Lines executed:15.62% of 32

File '/home/ubuntu/project/vsag-lite-baseline-v01/src/lite/graph_backend.cpp'
Lines executed:93.60% of 547

File '/usr/include/c++/11/bits/unordered_map.h'
Lines executed:13.33% of 15

File '/usr/include/c++/11/bits/stl_queue.h'
Lines executed:100.00% of 2

File '/usr/include/c++/11/bits/std_function.h'
Lines executed:0.00% of 7

File '/home/ubuntu/project/vsag-lite-baseline-v01/include/vsag/errors.h'
Lines executed:0.00% of 2

File '/usr/include/c++/11/bits/char_traits.h'
Lines executed:0.00% of 16

File '/home/ubuntu/project/vsag-lite-baseline-v01/src/lite/backend.h'
Lines executed:0.00% of 22

File '/home/ubuntu/project/vsag-lite-baseline-v01/src/lite/fp16_codec.h'
Lines executed:5.56% of 36

File '/home/ubuntu/project/vsag-lite-baseline-v01/src/simd/traits/simd_traits_generic.h'
Lines executed:94.44% of 18

File '/home/ubuntu/project/vsag-lite-baseline-v01/src/lite/backend_utils.h'
Lines executed:0.00% of 11

File '/usr/include/c++/11/limits'
Lines executed:100.00% of 1

File '/usr/include/c++/11/cmath'
Lines executed:0.00% of 2

File '/usr/include/c++/11/bits/functional_hash.h'
Lines executed:0.00% of 1

File '/usr/include/c++/11/new'
Lines executed:0.00% of 2

Creating 'graph_backend.cpp.gcov.json.gz'
File '/usr/include/c++/11/bits/stl_algobase.h'
Lines executed:0.00% of 9

File '/usr/include/c++/11/bits/stl_iterator_base_types.h'
No executable lines

File '/usr/include/c++/11/tuple'
No executable lines

File '/usr/include/c++/11/bits/stl_vector.h'
Lines executed:100.00% of 7

File '/usr/include/c++/11/bits/move.h'
No executable lines

File '/usr/include/c++/11/bits/stl_construct.h'
Lines executed:100.00% of 7

File '/usr/include/c++/11/ext/new_allocator.h'
Lines executed:100.00% of 4

File '/usr/include/c++/11/bits/stl_uninitialized.h'
Lines executed:100.00% of 9

File '/usr/include/c++/11/bits/stl_iterator_base_funcs.h'
No executable lines

File '/usr/include/c++/11/ext/type_traits.h'
No executable lines

File '/usr/include/c++/11/bits/alloc_traits.h'
Lines executed:75.00% of 8

File '/usr/include/c++/11/bits/basic_string.tcc'
No executable lines

File '/usr/include/c++/11/bits/stl_iterator.h'
Lines executed:100.00% of 4

File '/usr/include/c++/11/bits/basic_string.h'
Lines executed:0.00% of 11

File '/usr/include/c++/11/bits/vector.tcc'
Lines executed:45.24% of 42

File '/usr/include/c++/11/bits/allocator.h'
No executable lines

File '/usr/include/c++/11/bits/unique_ptr.h'
Lines executed:100.00% of 21

File '/usr/include/c++/11/ext/alloc_traits.h'
Lines executed:0.00% of 2

File '/home/ubuntu/project/vsag-lite-baseline-v01/include/vsag/expected.hpp'
Lines executed:100.00% of 36

File '/home/ubuntu/project/vsag-lite-baseline-v01/src/lite/index.cpp'
Lines executed:87.45% of 231

File '/usr/include/c++/11/bits/postypes.h'
Lines executed:100.00% of 9

File '/home/ubuntu/project/vsag-lite-baseline-v01/include/vsag/errors.h'
Lines executed:100.00% of 2

File '/usr/include/c++/11/system_error'
Lines executed:100.00% of 4

File '/usr/include/c++/11/bits/std_function.h'
Lines executed:66.67% of 3

File '/usr/include/c++/11/bits/char_traits.h'
Lines executed:0.00% of 16

File '/home/ubuntu/project/vsag-lite-baseline-v01/src/lite/fp16_codec.h'
Lines executed:97.22% of 36

File '/home/ubuntu/project/vsag-lite-baseline-v01/src/lite/backend_utils.h'
Lines executed:100.00% of 2

File '/usr/include/c++/11/cmath'
Lines executed:100.00% of 2

File '/usr/include/c++/11/limits'
Lines executed:100.00% of 1

File '/usr/include/c++/11/bits/ios_base.h'
Lines executed:100.00% of 2

File '/usr/include/c++/11/new'
Lines executed:0.00% of 2

Creating 'index.cpp.gcov.json.gz'
Lines executed:66.97% of 2894
