default-build-old-r0 2.1399999999999997 0.960000
default-build-new-r0 2.13 0.960000
default-crud-old-r0 7.28 0.933000
default-crud-new-r0 6.609999999999999 0.933000
diverse-build-old-r0 2.46 0.982000
diverse-build-new-r0 2.15 0.982000
diverse-crud-old-r0 8.27 0.960000
diverse-crud-new-r0 7.220000000000001 0.960000
diverse-crud-new-r1 7.13 0.960000
diverse-crud-old-r1 8.11 0.960000
diverse-build-new-r1 2.19 0.982000
diverse-build-old-r1 2.44 0.982000
default-crud-new-r1 6.64 0.933000
default-crud-old-r1 7.06 0.933000
default-build-new-r1 1.8900000000000001 0.960000
default-build-old-r1 2.15 0.960000
default-build-old-r2 2.39 0.960000
default-build-new-r2 1.9100000000000001 0.960000
default-crud-old-r2 7.13 0.933000
default-crud-new-r2 6.4799999999999995 0.933000
diverse-build-old-r2 2.4899999999999998 0.982000
diverse-build-new-r2 2.17 0.982000
diverse-crud-old-r2 8.06 0.960000
diverse-crud-new-r2 7.04 0.960000
Completed 24 paired runs
